// Jest Snapshot v1, https://goo.gl/fbAQLP

exports[`should match previous snapshot 1`] = `"<h2 className=\\"h2\\" />"`;
